Running Gradle task 'assembleDebug'...                            123.5s
ΓêÜ Built build\app\outputs\flutter-apk\app-debug.apk
